2025-07-12, 13:21:20 - cpnest.cpnest.CPNest                  : Running with 1 parallel threads
2025-07-12, 13:21:20 - cpnest.sampler.Sampler                : Sampler process 3744430: saved 32 prior samples in prior_samples_3744430.dat
2025-07-12, 13:21:20 - cpnest.sampler.Sampler                : Sampler 3744430 -- ACL(phi_mrg_33)  = 5.660281523620944
2025-07-12, 13:21:20 - cpnest.sampler.Sampler                : Sampler 3744430 -- ACL(phi_mrg_33)  = 7.67595764194388
2025-07-12, 13:21:20 - cpnest.NestedSampling.NestedSampler   : 1: n:  20 NS_acc:0.500 S0_acc:0.706 sub_acc:0.750 H: 0.00 logL -3013069.31866 --> -3012657.17435 dZ: 1245.302 logZ: -3013072.800 logLmax: -3011827.50
2025-07-12, 13:21:21 - cpnest.NestedSampling.NestedSampler   : 2: n:  20 NS_acc:0.667 S0_acc:0.706 sub_acc:0.600 H: 1.69 logL -3013068.61120 --> -3012949.84854 dZ: 1244.184 logZ: -3013071.713 logLmax: -3011827.50
2025-07-12, 13:21:21 - cpnest.NestedSampling.NestedSampler   : 3: n:  20 NS_acc:0.750 S0_acc:0.707 sub_acc:0.650 H: 2.26 logL -3013067.52636 --> -3012392.35181 dZ: 1243.087 logZ: -3013070.648 logLmax: -3011827.50
2025-07-12, 13:21:21 - cpnest.NestedSampling.NestedSampler   : 4: n:  20 NS_acc:0.800 S0_acc:0.709 sub_acc:0.850 H: 3.52 logL -3013062.23853 --> -3012684.59810 dZ: 1238.214 logZ: -3013065.806 logLmax: -3011827.50
2025-07-12, 13:21:21 - cpnest.NestedSampling.NestedSampler   : 5: n:  20 NS_acc:0.833 S0_acc:0.710 sub_acc:0.650 H: 3.43 logL -3013059.07275 --> -3012994.15824 dZ: 1235.013 logZ: -3013062.636 logLmax: -3011827.50
2025-07-12, 13:21:21 - cpnest.NestedSampling.NestedSampler   : 6: n:  20 NS_acc:0.857 S0_acc:0.709 sub_acc:0.650 H: 3.64 logL -3013017.97652 --> -3012922.28087 dZ: 1193.960 logZ: -3013021.614 logLmax: -3011827.50
2025-07-12, 13:21:21 - cpnest.NestedSampling.NestedSampler   : 7: n:  20 NS_acc:0.875 S0_acc:0.709 sub_acc:0.800 H: 3.67 logL -3012994.15824 --> -3012933.83922 dZ: 1170.142 logZ: -3012997.827 logLmax: -3011827.50
2025-07-12, 13:21:21 - cpnest.NestedSampling.NestedSampler   : 8: n:  20 NS_acc:0.889 S0_acc:0.708 sub_acc:0.550 H: 3.70 logL -3012964.57711 --> -3011937.94076 dZ: 1140.561 logZ: -3012968.277 logLmax: -3011827.50
2025-07-12, 13:21:21 - cpnest.NestedSampling.NestedSampler   : 9: n:  20 NS_acc:0.900 S0_acc:0.706 sub_acc:0.400 H: 3.73 logL -3012949.84854 --> -3012403.93413 dZ: 1125.832 logZ: -3012953.580 logLmax: -3011827.50
2025-07-12, 13:21:21 - cpnest.NestedSampling.NestedSampler   : 10: n:  20 NS_acc:0.909 S0_acc:0.705 sub_acc:0.600 H: 3.76 logL -3012941.26027 --> -3012072.98071 dZ: 1117.244 logZ: -3012945.023 logLmax: -3011827.50
2025-07-12, 13:21:21 - cpnest.NestedSampling.NestedSampler   : 11: n:  20 NS_acc:0.917 S0_acc:0.703 sub_acc:0.700 H: 3.79 logL -3012933.83922 --> -3012314.06580 dZ: 1109.822 logZ: -3012937.632 logLmax: -3011827.50
2025-07-12, 13:21:21 - cpnest.NestedSampling.NestedSampler   : 12: n:  20 NS_acc:0.923 S0_acc:0.701 sub_acc:0.450 H: 3.82 logL -3012922.28087 --> -3012755.89971 dZ: 1098.264 logZ: -3012926.106 logLmax: -3011827.50
2025-07-12, 13:21:21 - cpnest.NestedSampling.NestedSampler   : 13: n:  20 NS_acc:0.929 S0_acc:0.701 sub_acc:0.700 H: 3.86 logL -3012824.45761 --> -3011846.18169 dZ: 1000.441 logZ: -3012828.314 logLmax: -3011827.50
2025-07-12, 13:21:21 - cpnest.NestedSampling.NestedSampler   : 14: n:  20 NS_acc:0.933 S0_acc:0.700 sub_acc:0.650 H: 3.89 logL -3012784.01641 --> -3011827.49809 dZ: 960.000 logZ: -3012787.904 logLmax: -3011827.50
2025-07-12, 13:21:21 - cpnest.NestedSampling.NestedSampler   : 15: n:  20 NS_acc:0.938 S0_acc:0.699 sub_acc:0.550 H: 3.92 logL -3012755.89971 --> -3011839.43885 dZ: 931.883 logZ: -3012759.819 logLmax: -3011827.50
2025-07-12, 13:21:21 - cpnest.NestedSampling.NestedSampler   : 16: n:  20 NS_acc:0.941 S0_acc:0.697 sub_acc:0.800 H: 3.95 logL -3012721.19756 --> -3012082.28087 dZ: 897.181 logZ: -3012725.148 logLmax: -3011827.50
2025-07-12, 13:21:21 - cpnest.sampler.Sampler                : Sampler 3744430 -- ACL(phi_mrg_33)  = 10.139830743936212
2025-07-12, 13:21:21 - cpnest.NestedSampling.NestedSampler   : 17: n:  20 NS_acc:0.944 S0_acc:0.694 sub_acc:0.450 H: 3.93 logL -3012716.52343 --> -3011866.25901 dZ: 892.497 logZ: -3012720.495 logLmax: -3011827.50
2025-07-12, 13:21:21 - cpnest.NestedSampling.NestedSampler   : 18: n:  20 NS_acc:0.947 S0_acc:0.693 sub_acc:0.400 H: 3.91 logL -3012712.59229 --> -3012478.87320 dZ: 888.556 logZ: -3012716.585 logLmax: -3011827.50
2025-07-12, 13:21:21 - cpnest.NestedSampling.NestedSampler   : 19: n:  20 NS_acc:0.950 S0_acc:0.690 sub_acc:0.350 H: 4.04 logL -3012684.59810 --> -3012073.87459 dZ: 860.582 logZ: -3012688.642 logLmax: -3011827.50
2025-07-12, 13:21:21 - cpnest.NestedSampling.NestedSampler   : 20: n:  20 NS_acc:0.952 S0_acc:0.687 sub_acc:0.400 H: 4.08 logL -3012657.17435 --> -3012467.32877 dZ: 833.158 logZ: -3012661.249 logLmax: -3011827.50
2025-07-12, 13:21:21 - cpnest.NestedSampling.NestedSampler   : 21: n:  20 NS_acc:0.955 S0_acc:0.685 sub_acc:0.450 H: 4.11 logL -3012610.56390 --> -3011912.62997 dZ: 786.548 logZ: -3012614.670 logLmax: -3011827.50
2025-07-12, 13:21:21 - cpnest.NestedSampling.NestedSampler   : 22: n:  20 NS_acc:0.957 S0_acc:0.684 sub_acc:0.750 H: 4.14 logL -3012590.83593 --> -3012320.22910 dZ: 766.820 logZ: -3012594.973 logLmax: -3011827.50
2025-07-12, 13:21:21 - cpnest.NestedSampling.NestedSampler   : 23: n:  20 NS_acc:0.958 S0_acc:0.681 sub_acc:0.350 H: 4.17 logL -3012548.31054 --> -3012111.09219 dZ: 724.294 logZ: -3012552.479 logLmax: -3011827.50
2025-07-12, 13:21:21 - cpnest.NestedSampling.NestedSampler   : 24: n:  20 NS_acc:0.960 S0_acc:0.677 sub_acc:0.300 H: 4.20 logL -3012495.70778 --> -3012149.26717 dZ: 671.691 logZ: -3012499.908 logLmax: -3011827.50
2025-07-12, 13:21:21 - cpnest.NestedSampling.NestedSampler   : 25: n:  20 NS_acc:0.962 S0_acc:0.674 sub_acc:0.400 H: 4.23 logL -3012478.87320 --> -3012058.35409 dZ: 654.857 logZ: -3012483.105 logLmax: -3011827.50
2025-07-12, 13:21:21 - cpnest.NestedSampling.NestedSampler   : 26: n:  20 NS_acc:0.963 S0_acc:0.667 sub_acc:0.450 H: 4.26 logL -3012467.32877 --> -3012266.78064 dZ: 643.312 logZ: -3012471.591 logLmax: -3011827.50
2025-07-12, 13:21:21 - cpnest.NestedSampling.NestedSampler   : 27: n:  20 NS_acc:0.964 S0_acc:0.665 sub_acc:0.300 H: 4.29 logL -3012403.93413 --> -3012004.14451 dZ: 579.918 logZ: -3012408.228 logLmax: -3011827.50
2025-07-12, 13:21:21 - cpnest.NestedSampling.NestedSampler   : 28: n:  20 NS_acc:0.966 S0_acc:0.660 sub_acc:0.150 H: 4.32 logL -3012392.35181 --> -3012153.78248 dZ: 568.335 logZ: -3012396.677 logLmax: -3011827.50
2025-07-12, 13:21:21 - cpnest.NestedSampling.NestedSampler   : 29: n:  20 NS_acc:0.967 S0_acc:0.656 sub_acc:0.450 H: 4.36 logL -3012353.86964 --> -3011932.55913 dZ: 529.853 logZ: -3012358.226 logLmax: -3011827.50
2025-07-12, 13:21:21 - cpnest.NestedSampling.NestedSampler   : 30: n:  20 NS_acc:0.968 S0_acc:0.655 sub_acc:0.550 H: 4.39 logL -3012341.12365 --> -3011977.93384 dZ: 517.107 logZ: -3012345.511 logLmax: -3011827.50
2025-07-12, 13:21:21 - cpnest.NestedSampling.NestedSampler   : 31: n:  20 NS_acc:0.969 S0_acc:0.653 sub_acc:0.350 H: 4.42 logL -3012320.22910 --> -3011875.14785 dZ: 496.213 logZ: -3012324.648 logLmax: -3011827.50
2025-07-12, 13:21:21 - cpnest.sampler.Sampler                : Sampler 3744430 -- ACL(phi_mrg_33)  = 8.593685934564146
2025-07-12, 13:21:21 - cpnest.NestedSampling.NestedSampler   : 32: n:  20 NS_acc:0.970 S0_acc:0.653 sub_acc:0.700 H: 4.43 logL -3012314.06580 --> -3011836.67677 dZ: 490.047 logZ: -3012318.514 logLmax: -3011827.50
2025-07-12, 13:21:21 - cpnest.NestedSampling.NestedSampler   : Rolling KS test: D=0.167, p-value=0.297
2025-07-12, 13:21:21 - cpnest.NestedSampling.NestedSampler   : 33: n:  20 NS_acc:0.971 S0_acc:0.651 sub_acc:0.450 H: 4.48 logL -3012266.78064 --> -3011828.88971 dZ: 442.764 logZ: -3012271.262 logLmax: -3011827.50
2025-07-12, 13:21:21 - cpnest.NestedSampling.NestedSampler   : 34: n:  20 NS_acc:0.971 S0_acc:0.648 sub_acc:0.150 H: 4.51 logL -3012200.18901 --> -3011829.22818 dZ: 376.173 logZ: -3012204.702 logLmax: -3011827.50
2025-07-12, 13:21:21 - cpnest.NestedSampling.NestedSampler   : 35: n:  20 NS_acc:0.972 S0_acc:0.644 sub_acc:0.450 H: 4.54 logL -3012153.78248 --> -3011906.69082 dZ: 329.766 logZ: -3012158.326 logLmax: -3011827.50
2025-07-12, 13:21:21 - cpnest.NestedSampling.NestedSampler   : 36: n:  20 NS_acc:0.973 S0_acc:0.642 sub_acc:0.400 H: 4.51 logL -3012149.26717 --> -3012050.92416 dZ: 325.240 logZ: -3012153.831 logLmax: -3011827.50
2025-07-12, 13:21:21 - cpnest.NestedSampling.NestedSampler   : 37: n:  20 NS_acc:0.974 S0_acc:0.640 sub_acc:0.500 H: 4.55 logL -3012144.56121 --> -3012040.43940 dZ: 320.535 logZ: -3012149.158 logLmax: -3011827.50
2025-07-12, 13:21:21 - cpnest.NestedSampling.NestedSampler   : 38: n:  20 NS_acc:0.974 S0_acc:0.637 sub_acc:0.300 H: 4.64 logL -3012111.09219 --> -3011863.63145 dZ: 287.076 logZ: -3012115.730 logLmax: -3011827.50
2025-07-12, 13:21:21 - cpnest.NestedSampling.NestedSampler   : 39: n:  20 NS_acc:0.975 S0_acc:0.634 sub_acc:0.350 H: 4.61 logL -3012106.61584 --> -3011895.79783 dZ: 282.588 logZ: -3012111.273 logLmax: -3011827.50
2025-07-12, 13:21:21 - cpnest.NestedSampling.NestedSampler   : 40: n:  20 NS_acc:0.976 S0_acc:0.632 sub_acc:0.450 H: 4.70 logL -3012082.28087 --> -3012071.69063 dZ: 258.264 logZ: -3012086.981 logLmax: -3011827.50
2025-07-12, 13:21:21 - cpnest.NestedSampling.NestedSampler   : 41: n:  20 NS_acc:0.976 S0_acc:0.629 sub_acc:0.400 H: 4.73 logL -3012073.87459 --> -3011910.41998 dZ: 249.858 logZ: -3012078.606 logLmax: -3011827.50
2025-07-12, 13:21:21 - cpnest.NestedSampling.NestedSampler   : 42: n:  20 NS_acc:0.977 S0_acc:0.626 sub_acc:0.350 H: 4.14 logL -3012072.98071 --> -3012062.61905 dZ: 248.612 logZ: -3012077.391 logLmax: -3011827.50
2025-07-12, 13:21:21 - cpnest.NestedSampling.NestedSampler   : 43: n:  20 NS_acc:0.977 S0_acc:0.623 sub_acc:0.200 H: 3.74 logL -3012072.84672 --> -3011984.12126 dZ: 248.005 logZ: -3012076.815 logLmax: -3011827.50
2025-07-12, 13:21:21 - cpnest.NestedSampling.NestedSampler   : 44: n:  20 NS_acc:0.978 S0_acc:0.620 sub_acc:0.250 H: 3.68 logL -3012071.69063 --> -3012018.84318 dZ: 247.120 logZ: -3012075.961 logLmax: -3011827.50
2025-07-12, 13:21:21 - cpnest.NestedSampling.NestedSampler   : 45: n:  20 NS_acc:0.978 S0_acc:0.617 sub_acc:0.200 H: 4.85 logL -3012062.61905 --> -3011871.85584 dZ: 238.602 logZ: -3012067.475 logLmax: -3011827.50
2025-07-12, 13:21:21 - cpnest.NestedSampling.NestedSampler   : 46: n:  20 NS_acc:0.979 S0_acc:0.616 sub_acc:0.450 H: 4.81 logL -3012058.35409 --> -3011973.60546 dZ: 234.323 logZ: -3012063.227 logLmax: -3011827.50
2025-07-12, 13:21:21 - cpnest.NestedSampling.NestedSampler   : 47: n:  20 NS_acc:0.979 S0_acc:0.613 sub_acc:0.250 H: 4.91 logL -3012050.92416 --> -3011905.59230 dZ: 226.907 logZ: -3012055.842 logLmax: -3011827.50
2025-07-12, 13:21:21 - cpnest.sampler.Sampler                : Sampler 3744430 -- ACL(phi_mrg_33)  = 7.28019497131322
2025-07-12, 13:21:21 - cpnest.NestedSampling.NestedSampler   : 48: n:  20 NS_acc:0.980 S0_acc:0.611 sub_acc:0.350 H: 4.95 logL -3012040.43940 --> -3011933.05848 dZ: 216.423 logZ: -3012045.389 logLmax: -3011827.50
2025-07-12, 13:21:21 - cpnest.NestedSampling.NestedSampler   : 49: n:  20 NS_acc:0.980 S0_acc:0.610 sub_acc:0.500 H: 4.98 logL -3012018.84318 --> -3011866.28179 dZ: 194.827 logZ: -3012023.825 logLmax: -3011827.50
2025-07-12, 13:21:21 - cpnest.NestedSampling.NestedSampler   : 50: n:  20 NS_acc:0.980 S0_acc:0.609 sub_acc:0.600 H: 5.01 logL -3012011.13239 --> -3011938.97530 dZ: 187.116 logZ: -3012016.144 logLmax: -3011827.50
2025-07-12, 13:21:21 - cpnest.NestedSampling.NestedSampler   : 51: n:  20 NS_acc:0.981 S0_acc:0.607 sub_acc:0.450 H: 5.04 logL -3012004.14451 --> -3011985.59507 dZ: 180.127 logZ: -3012009.187 logLmax: -3011827.50
2025-07-12, 13:21:21 - cpnest.NestedSampling.NestedSampler   : 52: n:  20 NS_acc:0.981 S0_acc:0.605 sub_acc:0.450 H: 5.07 logL -3011985.59507 --> -3011857.66115 dZ: 161.579 logZ: -3011990.670 logLmax: -3011827.50
2025-07-12, 13:21:21 - cpnest.NestedSampling.NestedSampler   : 53: n:  20 NS_acc:0.981 S0_acc:0.603 sub_acc:0.250 H: 4.61 logL -3011984.12126 --> -3011861.21640 dZ: 159.893 logZ: -3011989.015 logLmax: -3011827.50
2025-07-12, 13:21:21 - cpnest.NestedSampling.NestedSampler   : 54: n:  20 NS_acc:0.982 S0_acc:0.600 sub_acc:0.400 H: 5.12 logL -3011977.93384 --> -3011929.58966 dZ: 153.915 logZ: -3011983.069 logLmax: -3011827.50
2025-07-12, 13:21:21 - cpnest.NestedSampling.NestedSampler   : 55: n:  20 NS_acc:0.982 S0_acc:0.600 sub_acc:0.500 H: 5.10 logL -3011973.60546 --> -3011835.56792 dZ: 149.576 logZ: -3011978.761 logLmax: -3011827.50
2025-07-12, 13:21:21 - cpnest.NestedSampling.NestedSampler   : 56: n:  20 NS_acc:0.982 S0_acc:0.599 sub_acc:0.550 H: 5.20 logL -3011941.50651 --> -3011852.42375 dZ: 117.490 logZ: -3011946.707 logLmax: -3011827.50
2025-07-12, 13:21:21 - cpnest.NestedSampling.NestedSampler   : 57: n:  20 NS_acc:0.983 S0_acc:0.598 sub_acc:0.450 H: 4.96 logL -3011938.97530 --> -3011863.53151 dZ: 114.880 logZ: -3011944.128 logLmax: -3011827.50
2025-07-12, 13:21:21 - cpnest.NestedSampling.NestedSampler   : 58: n:  20 NS_acc:0.983 S0_acc:0.595 sub_acc:0.250 H: 4.58 logL -3011937.94076 --> -3011832.44838 dZ: 113.590 logZ: -3011942.869 logLmax: -3011827.50
2025-07-12, 13:21:21 - cpnest.NestedSampling.NestedSampler   : 59: n:  20 NS_acc:0.983 S0_acc:0.592 sub_acc:0.300 H: 5.23 logL -3011933.05848 --> -3011881.42100 dZ: 109.031 logZ: -3011938.341 logLmax: -3011827.50
2025-07-12, 13:21:21 - cpnest.NestedSampling.NestedSampler   : 60: n:  20 NS_acc:0.984 S0_acc:0.591 sub_acc:0.400 H: 4.62 logL -3011932.55913 --> -3011839.34287 dZ: 108.052 logZ: -3011937.394 logLmax: -3011827.50
2025-07-12, 13:21:21 - cpnest.NestedSampling.NestedSampler   : 61: n:  20 NS_acc:0.984 S0_acc:0.589 sub_acc:0.350 H: 5.02 logL -3011929.58966 --> -3011827.49728 dZ: 105.490 logZ: -3011934.863 logLmax: -3011827.50
2025-07-12, 13:21:21 - cpnest.NestedSampling.NestedSampler   : 62: n:  20 NS_acc:0.984 S0_acc:0.586 sub_acc:0.250 H: 5.39 logL -3011912.62997 --> -3011845.26306 dZ: 88.614 logZ: -3011918.018 logLmax: -3011827.50
2025-07-12, 13:21:21 - cpnest.NestedSampling.NestedSampler   : 63: n:  20 NS_acc:0.984 S0_acc:0.584 sub_acc:0.300 H: 5.09 logL -3011910.41998 --> -3011834.01881 dZ: 86.297 logZ: -3011915.732 logLmax: -3011827.50
2025-07-12, 13:21:21 - cpnest.sampler.Sampler                : Sampler 3744430 -- ACL(phi_mrg_33)  = 8.265314094890186
2025-07-12, 13:21:21 - cpnest.NestedSampling.NestedSampler   : 64: n:  20 NS_acc:0.985 S0_acc:0.582 sub_acc:0.100 H: 5.32 logL -3011906.69082 --> -3011882.81561 dZ: 82.648 logZ: -3011912.114 logLmax: -3011827.50
2025-07-12, 13:21:21 - cpnest.NestedSampling.NestedSampler   : Rolling KS test: D=0.168, p-value=0.291
2025-07-12, 13:21:21 - cpnest.NestedSampling.NestedSampler   : 65: n:  20 NS_acc:0.985 S0_acc:0.580 sub_acc:0.200 H: 4.86 logL -3011905.59230 --> -3011885.23999 dZ: 81.274 logZ: -3011910.771 logLmax: -3011827.50
2025-07-12, 13:21:21 - cpnest.NestedSampling.NestedSampler   : 66: n:  20 NS_acc:0.985 S0_acc:0.578 sub_acc:0.350 H: 5.51 logL -3011895.79783 --> -3011856.40097 dZ: 71.782 logZ: -3011901.310 logLmax: -3011827.50
2025-07-12, 13:21:21 - cpnest.NestedSampling.NestedSampler   : 67: n:  20 NS_acc:0.985 S0_acc:0.577 sub_acc:0.400 H: 5.54 logL -3011885.23999 --> -3011878.72366 dZ: 61.224 logZ: -3011890.784 logLmax: -3011827.50
2025-07-12, 13:21:21 - cpnest.NestedSampling.NestedSampler   : 68: n:  30 NS_acc:0.986 S0_acc:0.573 sub_acc:0.033 H: 5.29 logL -3011882.81561 --> -3011828.40074 dZ: 58.713 logZ: -3011888.303 logLmax: -3011827.50
2025-07-12, 13:21:21 - cpnest.NestedSampling.NestedSampler   : 69: n:  20 NS_acc:0.986 S0_acc:0.571 sub_acc:0.350 H: 5.01 logL -3011881.42100 --> -3011828.99406 dZ: 57.159 logZ: -3011886.781 logLmax: -3011827.50
2025-07-12, 13:21:21 - cpnest.NestedSampling.NestedSampler   : 70: n:  20 NS_acc:0.986 S0_acc:0.570 sub_acc:0.300 H: 5.30 logL -3011878.72366 --> -3011850.04502 dZ: 54.623 logZ: -3011884.276 logLmax: -3011827.50
2025-07-12, 13:21:21 - cpnest.NestedSampling.NestedSampler   : 71: n:  20 NS_acc:0.986 S0_acc:0.568 sub_acc:0.400 H: 5.52 logL -3011875.14785 --> -3011852.80871 dZ: 51.101 logZ: -3011880.786 logLmax: -3011827.50
2025-07-12, 13:21:21 - cpnest.NestedSampling.NestedSampler   : 72: n:  20 NS_acc:0.986 S0_acc:0.567 sub_acc:0.350 H: 5.40 logL -3011872.67287 --> -3011835.77994 dZ: 48.572 logZ: -3011878.287 logLmax: -3011827.50
2025-07-12, 13:21:21 - cpnest.NestedSampling.NestedSampler   : 73: n:  20 NS_acc:0.986 S0_acc:0.564 sub_acc:0.200 H: 4.99 logL -3011871.85584 --> -3011866.76559 dZ: 47.437 logZ: -3011877.184 logLmax: -3011827.50
2025-07-12, 13:21:21 - cpnest.NestedSampling.NestedSampler   : 74: n:  20 NS_acc:0.987 S0_acc:0.560 sub_acc:0.400 H: 5.70 logL -3011866.76559 --> -3011828.12114 dZ: 42.741 logZ: -3011872.519 logLmax: -3011827.50
2025-07-12, 13:21:21 - cpnest.NestedSampling.NestedSampler   : 75: n:  20 NS_acc:0.987 S0_acc:0.558 sub_acc:0.350 H: 5.09 logL -3011866.28179 --> -3011839.03531 dZ: 41.770 logZ: -3011871.580 logLmax: -3011827.50
2025-07-12, 13:21:21 - cpnest.NestedSampling.NestedSampler   : 76: n:  20 NS_acc:0.987 S0_acc:0.557 sub_acc:0.350 H: 4.70 logL -3011866.25901 --> -3011831.40825 dZ: 41.267 logZ: -3011871.107 logLmax: -3011827.50
2025-07-12, 13:21:21 - cpnest.NestedSampling.NestedSampler   : 77: n:  20 NS_acc:0.987 S0_acc:0.555 sub_acc:0.450 H: 5.22 logL -3011863.63145 --> -3011831.31773 dZ: 39.435 logZ: -3011869.307 logLmax: -3011827.50
2025-07-12, 13:21:21 - cpnest.NestedSampling.NestedSampler   : 78: n:  20 NS_acc:0.987 S0_acc:0.553 sub_acc:0.400 H: 4.84 logL -3011863.53151 --> -3011856.53962 dZ: 38.765 logZ: -3011868.668 logLmax: -3011827.50
2025-07-12, 13:21:21 - cpnest.NestedSampling.NestedSampler   : 79: n:  20 NS_acc:0.988 S0_acc:0.552 sub_acc:0.350 H: 5.26 logL -3011861.21640 --> -3011828.03893 dZ: 37.005 logZ: -3011866.940 logLmax: -3011827.50
2025-07-12, 13:21:21 - cpnest.sampler.Sampler                : Sampler 3744430 -- ACL(phi_mrg_33)  = 12.774957662089026
2025-07-12, 13:21:21 - cpnest.NestedSampling.NestedSampler   : 80: n:  20 NS_acc:0.988 S0_acc:0.550 sub_acc:0.500 H: 5.78 logL -3011857.66115 --> -3011843.55330 dZ: 33.610 logZ: -3011863.576 logLmax: -3011827.50
2025-07-12, 13:21:21 - cpnest.NestedSampling.NestedSampler   : 81: n:  20 NS_acc:0.988 S0_acc:0.547 sub_acc:0.250 H: 5.36 logL -3011856.53962 --> -3011834.89622 dZ: 32.225 logZ: -3011862.222 logLmax: -3011827.50
2025-07-12, 13:21:21 - cpnest.NestedSampling.NestedSampler   : 82: n:  20 NS_acc:0.988 S0_acc:0.546 sub_acc:0.500 H: 4.97 logL -3011856.40097 --> -3011832.40327 dZ: 31.592 logZ: -3011861.620 logLmax: -3011827.50
2025-07-12, 13:21:21 - cpnest.NestedSampling.NestedSampler   : 83: n:  20 NS_acc:0.988 S0_acc:0.543 sub_acc:0.450 H: 5.76 logL -3011852.80871 --> -3011847.51134 dZ: 28.732 logZ: -3011858.792 logLmax: -3011827.50
2025-07-12, 13:21:21 - cpnest.NestedSampling.NestedSampler   : 84: n:  20 NS_acc:0.988 S0_acc:0.542 sub_acc:0.350 H: 5.26 logL -3011852.42375 --> -3011851.43479 dZ: 27.851 logZ: -3011857.941 logLmax: -3011827.50
2025-07-12, 13:21:22 - cpnest.NestedSampling.NestedSampler   : 85: n:  20 NS_acc:0.988 S0_acc:0.542 sub_acc:0.500 H: 5.09 logL -3011851.43479 --> -3011832.25464 dZ: 26.906 logZ: -3011857.028 logLmax: -3011827.50
2025-07-12, 13:21:22 - cpnest.NestedSampling.NestedSampler   : 86: n:  20 NS_acc:0.989 S0_acc:0.541 sub_acc:0.550 H: 5.05 logL -3011850.48545 --> -3011841.30354 dZ: 25.959 logZ: -3011856.112 logLmax: -3011827.50
2025-07-12, 13:21:22 - cpnest.NestedSampling.NestedSampler   : 87: n:  20 NS_acc:0.989 S0_acc:0.540 sub_acc:0.550 H: 4.89 logL -3011850.04502 --> -3011837.45693 dZ: 25.284 logZ: -3011855.469 logLmax: -3011827.50
2025-07-12, 13:21:22 - cpnest.NestedSampling.NestedSampler   : 88: n:  20 NS_acc:0.989 S0_acc:0.539 sub_acc:0.350 H: 5.59 logL -3011847.51134 --> -3011842.70659 dZ: 23.337 logZ: -3011853.552 logLmax: -3011827.50
2025-07-12, 13:21:22 - cpnest.NestedSampling.NestedSampler   : 89: n:  20 NS_acc:0.989 S0_acc:0.537 sub_acc:0.400 H: 5.40 logL -3011846.57348 --> -3011836.00255 dZ: 22.170 logZ: -3011852.417 logLmax: -3011827.50
2025-07-12, 13:21:22 - cpnest.NestedSampling.NestedSampler   : 90: n:  20 NS_acc:0.989 S0_acc:0.536 sub_acc:0.500 H: 5.13 logL -3011846.18169 --> -3011830.69793 dZ: 21.459 logZ: -3011851.737 logLmax: -3011827.50
2025-07-12, 13:21:22 - cpnest.NestedSampling.NestedSampler   : 91: n:  20 NS_acc:0.989 S0_acc:0.534 sub_acc:0.300 H: 5.08 logL -3011845.26306 --> -3011827.55151 dZ: 20.641 logZ: -3011850.950 logLmax: -3011827.50
2025-07-12, 13:21:22 - cpnest.NestedSampling.NestedSampler   : 92: n:  20 NS_acc:0.989 S0_acc:0.532 sub_acc:0.200 H: 5.44 logL -3011843.55330 --> -3011830.36463 dZ: 19.243 logZ: -3011849.584 logLmax: -3011827.50
2025-07-12, 13:21:22 - cpnest.NestedSampling.NestedSampler   : 93: n:  20 NS_acc:0.989 S0_acc:0.531 sub_acc:0.400 H: 5.35 logL -3011842.70659 --> -3011828.17259 dZ: 18.225 logZ: -3011848.597 logLmax: -3011827.50
2025-07-12, 13:21:22 - cpnest.NestedSampling.NestedSampler   : 94: n:  20 NS_acc:0.989 S0_acc:0.530 sub_acc:0.500 H: 5.49 logL -3011841.30354 --> -3011828.83765 dZ: 16.948 logZ: -3011847.352 logLmax: -3011827.50
2025-07-12, 13:21:22 - cpnest.NestedSampling.NestedSampler   : 95: n:  20 NS_acc:0.990 S0_acc:0.529 sub_acc:0.450 H: 5.77 logL -3011839.43885 --> -3011830.29812 dZ: 15.221 logZ: -3011845.655 logLmax: -3011827.50
2025-07-12, 13:21:22 - cpnest.sampler.Sampler                : Sampler 3744430 -- ACL(phi_mrg_33)  = 12.668356615653042
2025-07-12, 13:21:22 - cpnest.NestedSampling.NestedSampler   : 96: n:  20 NS_acc:0.990 S0_acc:0.528 sub_acc:0.450 H: 5.40 logL -3011839.34287 --> -3011827.66169 dZ: 14.563 logZ: -3011845.029 logLmax: -3011827.50
2025-07-12, 13:21:22 - cpnest.NestedSampling.NestedSampler   : Rolling KS test: D=0.0968, p-value=0.897
2025-07-12, 13:21:22 - cpnest.NestedSampling.NestedSampler   : 97: n:  40 NS_acc:0.980 S0_acc:0.521 sub_acc:0.150 H: 5.15 logL -3011839.03531 --> -3011832.86442 dZ: 14.053 logZ: -3011844.550 logLmax: -3011827.50
2025-07-12, 13:21:22 - cpnest.NestedSampling.NestedSampler   : 98: n:  20 NS_acc:0.980 S0_acc:0.520 sub_acc:0.300 H: 5.37 logL -3011837.45693 --> -3011831.78525 dZ: 12.997 logZ: -3011843.525 logLmax: -3011827.50
2025-07-12, 13:21:22 - cpnest.NestedSampling.NestedSampler   : 99: n:  20 NS_acc:0.980 S0_acc:0.519 sub_acc:0.250 H: 5.36 logL -3011836.67677 --> -3011830.00414 dZ: 12.109 logZ: -3011842.668 logLmax: -3011827.50
2025-07-12, 13:21:22 - cpnest.NestedSampling.NestedSampler   : 100: n:  20 NS_acc:0.980 S0_acc:0.518 sub_acc:0.350 H: 5.30 logL -3011836.00255 --> -3011830.24107 dZ: 11.338 logZ: -3011841.929 logLmax: -3011827.50
2025-07-12, 13:21:22 - cpnest.NestedSampling.NestedSampler   : 101: n:  20 NS_acc:0.981 S0_acc:0.517 sub_acc:0.400 H: 5.14 logL -3011835.77994 --> -3011830.02882 dZ: 10.817 logZ: -3011841.438 logLmax: -3011827.50
2025-07-12, 13:21:22 - cpnest.NestedSampling.NestedSampler   : 102: n:  20 NS_acc:0.981 S0_acc:0.515 sub_acc:0.250 H: 4.96 logL -3011835.77659 --> -3011828.05362 dZ: 10.465 logZ: -3011841.119 logLmax: -3011827.50
2025-07-12, 13:21:22 - cpnest.NestedSampling.NestedSampler   : 103: n:  20 NS_acc:0.981 S0_acc:0.514 sub_acc:0.500 H: 4.82 logL -3011835.57172 --> -3011832.02088 dZ: 10.152 logZ: -3011840.837 logLmax: -3011827.50
2025-07-12, 13:21:22 - cpnest.NestedSampling.NestedSampler   : 104: n:  20 NS_acc:0.981 S0_acc:0.511 sub_acc:0.350 H: 4.70 logL -3011835.56792 --> -3011830.25731 dZ: 9.907 logZ: -3011840.622 logLmax: -3011827.50
2025-07-12, 13:21:22 - cpnest.NestedSampling.NestedSampler   : 105: n:  20 NS_acc:0.981 S0_acc:0.510 sub_acc:0.350 H: 4.66 logL -3011834.89622 --> -3011828.87717 dZ: 9.564 logZ: -3011840.310 logLmax: -3011827.50
2025-07-12, 13:21:22 - cpnest.NestedSampling.NestedSampler   : 106: n:  20 NS_acc:0.981 S0_acc:0.507 sub_acc:0.250 H: 4.63 logL -3011834.62475 --> -3011827.62821 dZ: 9.239 logZ: -3011840.017 logLmax: -3011827.50
2025-07-12, 13:21:22 - cpnest.NestedSampling.NestedSampler   : 107: n:  20 NS_acc:0.982 S0_acc:0.506 sub_acc:0.400 H: 4.68 logL -3011834.01881 --> -3011829.42817 dZ: 8.836 logZ: -3011839.645 logLmax: -3011827.50
2025-07-12, 13:21:22 - cpnest.NestedSampling.NestedSampler   : 108: n:  20 NS_acc:0.982 S0_acc:0.506 sub_acc:0.450 H: 5.04 logL -3011832.86442 --> -3011830.17340 dZ: 8.133 logZ: -3011838.974 logLmax: -3011827.50
2025-07-12, 13:21:22 - cpnest.NestedSampling.NestedSampler   : 109: n:  20 NS_acc:0.982 S0_acc:0.505 sub_acc:0.400 H: 5.12 logL -3011832.44838 --> -3011830.10238 dZ: 7.561 logZ: -3011838.432 logLmax: -3011827.50
2025-07-12, 13:21:22 - cpnest.NestedSampling.NestedSampler   : 110: n:  20 NS_acc:0.982 S0_acc:0.504 sub_acc:0.250 H: 5.03 logL -3011832.40327 --> -3011828.83047 dZ: 7.177 logZ: -3011838.079 logLmax: -3011827.50
2025-07-12, 13:21:22 - cpnest.sampler.Sampler                : Sampler 3744430 -- ACL(phi_mrg_33)  = 8.25593689501692
2025-07-12, 13:21:22 - cpnest.NestedSampling.NestedSampler   : 111: n:  20 NS_acc:0.982 S0_acc:0.502 sub_acc:0.250 H: 4.94 logL -3011832.25464 --> -3011830.43013 dZ: 6.857 logZ: -3011837.790 logLmax: -3011827.50
2025-07-12, 13:21:22 - cpnest.NestedSampling.NestedSampler   : 112: n:  20 NS_acc:0.982 S0_acc:0.502 sub_acc:0.450 H: 4.87 logL -3011832.02088 --> -3011829.70852 dZ: 6.558 logZ: -3011837.523 logLmax: -3011827.50
2025-07-12, 13:21:22 - cpnest.NestedSampling.NestedSampler   : 113: n:  20 NS_acc:0.983 S0_acc:0.501 sub_acc:0.400 H: 4.81 logL -3011831.78525 --> -3011827.97494 dZ: 6.274 logZ: -3011837.269 logLmax: -3011827.50
2025-07-12, 13:21:22 - cpnest.NestedSampling.NestedSampler   : 114: n:  20 NS_acc:0.983 S0_acc:0.500 sub_acc:0.200 H: 4.79 logL -3011831.40825 --> -3011830.21462 dZ: 5.969 logZ: -3011836.995 logLmax: -3011827.50
2025-07-12, 13:21:22 - cpnest.NestedSampling.NestedSampler   : 115: n:  40 NS_acc:0.975 S0_acc:0.496 sub_acc:0.350 H: 4.74 logL -3011831.31773 --> -3011828.52492 dZ: 5.711 logZ: -3011836.768 logLmax: -3011827.50
2025-07-12, 13:21:22 - cpnest.NestedSampling.NestedSampler   : 116: n:  20 NS_acc:0.975 S0_acc:0.494 sub_acc:0.300 H: 4.79 logL -3011830.69793 --> -3011829.14314 dZ: 5.370 logZ: -3011836.456 logLmax: -3011827.50
2025-07-12, 13:21:22 - cpnest.NestedSampling.NestedSampler   : 117: n:  20 NS_acc:0.975 S0_acc:0.494 sub_acc:0.550 H: 4.81 logL -3011830.43013 --> -3011827.78690 dZ: 5.048 logZ: -3011836.164 logLmax: -3011827.50
2025-07-12, 13:21:22 - cpnest.NestedSampling.NestedSampler   : 118: n:  20 NS_acc:0.975 S0_acc:0.492 sub_acc:0.150 H: 4.78 logL -3011830.36463 --> -3011827.66250 dZ: 4.786 logZ: -3011835.931 logLmax: -3011827.50
2025-07-12, 13:21:22 - cpnest.NestedSampling.NestedSampler   : 119: n:  20 NS_acc:0.975 S0_acc:0.490 sub_acc:0.200 H: 4.74 logL -3011830.29812 --> -3011827.51724 dZ: 4.562 logZ: -3011835.736 logLmax: -3011827.50
2025-07-12, 13:21:22 - cpnest.NestedSampling.NestedSampler   : 120: n:  20 NS_acc:0.976 S0_acc:0.490 sub_acc:0.600 H: 4.68 logL -3011830.25731 --> -3011828.66350 dZ: 4.368 logZ: -3011835.571 logLmax: -3011827.50
2025-07-12, 13:21:22 - cpnest.NestedSampling.NestedSampler   : 121: n:  20 NS_acc:0.976 S0_acc:0.488 sub_acc:0.350 H: 4.63 logL -3011830.24107 --> -3011828.60666 dZ: 4.200 logZ: -3011835.432 logLmax: -3011827.50
2025-07-12, 13:21:22 - cpnest.NestedSampling.NestedSampler   : 122: n:  20 NS_acc:0.976 S0_acc:0.487 sub_acc:0.050 H: 4.58 logL -3011830.21462 --> -3011828.89152 dZ: 4.050 logZ: -3011835.310 logLmax: -3011827.50
2025-07-12, 13:21:22 - cpnest.NestedSampling.NestedSampler   : 123: n:  20 NS_acc:0.976 S0_acc:0.486 sub_acc:0.300 H: 4.52 logL -3011830.17340 --> -3011827.96066 dZ: 3.912 logZ: -3011835.201 logLmax: -3011827.50
2025-07-12, 13:21:22 - cpnest.NestedSampling.NestedSampler   : 124: n:  20 NS_acc:0.976 S0_acc:0.484 sub_acc:0.200 H: 4.48 logL -3011830.10238 --> -3011829.44710 dZ: 3.781 logZ: -3011835.098 logLmax: -3011827.50
2025-07-12, 13:21:22 - cpnest.NestedSampling.NestedSampler   : 125: n:  20 NS_acc:0.977 S0_acc:0.484 sub_acc:0.350 H: 4.44 logL -3011830.02882 --> -3011827.53048 dZ: 3.656 logZ: -3011835.002 logLmax: -3011827.50
2025-07-12, 13:21:22 - cpnest.sampler.Sampler                : Sampler 3744430 -- ACL(phi_mrg_33)  = 15.935202760117173
2025-07-12, 13:21:22 - cpnest.NestedSampling.NestedSampler   : 126: n:  20 NS_acc:0.977 S0_acc:0.483 sub_acc:0.250 H: 4.40 logL -3011830.00414 --> -3011829.11430 dZ: 3.540 logZ: -3011834.914 logLmax: -3011827.50
2025-07-12, 13:21:22 - cpnest.NestedSampling.NestedSampler   : 127: n:  20 NS_acc:0.977 S0_acc:0.481 sub_acc:0.300 H: 4.37 logL -3011829.70852 --> -3011827.93766 dZ: 3.410 logZ: -3011834.810 logLmax: -3011827.50
2025-07-12, 13:21:22 - cpnest.NestedSampling.NestedSampler   : 128: n:  20 NS_acc:0.977 S0_acc:0.481 sub_acc:0.350 H: 4.36 logL -3011829.44710 --> -3011828.63831 dZ: 3.267 logZ: -3011834.693 logLmax: -3011827.50
2025-07-12, 13:21:22 - cpnest.NestedSampling.NestedSampler   : Rolling KS test: D=0.137, p-value=0.539
2025-07-12, 13:21:22 - cpnest.NestedSampling.NestedSampler   : 129: n:  20 NS_acc:0.977 S0_acc:0.479 sub_acc:0.250 H: 4.35 logL -3011829.42817 --> -3011829.18592 dZ: 3.137 logZ: -3011834.590 logLmax: -3011827.50
2025-07-12, 13:21:22 - cpnest.NestedSampling.NestedSampler   : 130: n:  20 NS_acc:0.977 S0_acc:0.479 sub_acc:0.450 H: 4.34 logL -3011829.22818 --> -3011827.53929 dZ: 3.003 logZ: -3011834.480 logLmax: -3011827.50
2025-07-12, 13:21:22 - cpnest.NestedSampling.NestedSampler   : 131: n:  20 NS_acc:0.978 S0_acc:0.477 sub_acc:0.300 H: 4.34 logL -3011829.18592 --> -3011827.87049 dZ: 2.878 logZ: -3011834.380 logLmax: -3011827.50
2025-07-12, 13:21:22 - cpnest.NestedSampling.NestedSampler   : 132: n:  20 NS_acc:0.978 S0_acc:0.477 sub_acc:0.250 H: 4.32 logL -3011829.14314 --> -3011827.93110 dZ: 2.762 logZ: -3011834.287 logLmax: -3011827.50
2025-07-12, 13:21:22 - cpnest.NestedSampling.NestedSampler   : 133: n:  20 NS_acc:0.978 S0_acc:0.475 sub_acc:0.350 H: 4.31 logL -3011829.11430 --> -3011828.37842 dZ: 2.654 logZ: -3011834.203 logLmax: -3011827.50
2025-07-12, 13:21:22 - cpnest.NestedSampling.NestedSampler   : 134: n:  20 NS_acc:0.978 S0_acc:0.474 sub_acc:0.250 H: 4.29 logL -3011828.99406 --> -3011828.38435 dZ: 2.547 logZ: -3011834.119 logLmax: -3011827.50
2025-07-12, 13:21:22 - cpnest.NestedSampling.NestedSampler   : 135: n:  20 NS_acc:0.978 S0_acc:0.473 sub_acc:0.300 H: 4.29 logL -3011828.89152 --> -3011827.50110 dZ: 2.442 logZ: -3011834.035 logLmax: -3011827.50
2025-07-12, 13:21:22 - cpnest.NestedSampling.NestedSampler   : 136: n:  20 NS_acc:0.978 S0_acc:0.472 sub_acc:0.100 H: 4.27 logL -3011828.88971 --> -3011827.65603 dZ: 2.346 logZ: -3011833.961 logLmax: -3011827.50
2025-07-12, 13:21:22 - cpnest.NestedSampling.NestedSampler   : 137: n:  20 NS_acc:0.979 S0_acc:0.472 sub_acc:0.350 H: 4.26 logL -3011828.87717 --> -3011827.51187 dZ: 2.256 logZ: -3011833.892 logLmax: -3011827.50
2025-07-12, 13:21:22 - cpnest.NestedSampling.NestedSampler   : 138: n:  20 NS_acc:0.979 S0_acc:0.471 sub_acc:0.200 H: 4.24 logL -3011828.83765 --> -3011828.25670 dZ: 2.171 logZ: -3011833.828 logLmax: -3011827.50
2025-07-12, 13:21:22 - cpnest.NestedSampling.NestedSampler   : 139: n:  20 NS_acc:0.979 S0_acc:0.470 sub_acc:0.550 H: 4.23 logL -3011828.83047 --> -3011827.69567 dZ: 2.091 logZ: -3011833.768 logLmax: -3011827.50
2025-07-12, 13:21:22 - cpnest.NestedSampling.NestedSampler   : 140: n:  20 NS_acc:0.979 S0_acc:0.470 sub_acc:0.150 H: 4.22 logL -3011828.66350 --> -3011828.11838 dZ: 2.008 logZ: -3011833.705 logLmax: -3011827.50
2025-07-12, 13:21:22 - cpnest.NestedSampling.NestedSampler   : 141: n:  20 NS_acc:0.979 S0_acc:0.469 sub_acc:0.450 H: 4.21 logL -3011828.63831 --> -3011828.38365 dZ: 1.930 logZ: -3011833.645 logLmax: -3011827.50
2025-07-12, 13:21:22 - cpnest.sampler.Sampler                : Sampler 3744430 -- ACL(phi_mrg_33)  = 8.441373639384487
2025-07-12, 13:21:22 - cpnest.NestedSampling.NestedSampler   : 142: n:  20 NS_acc:0.979 S0_acc:0.468 sub_acc:0.200 H: 4.20 logL -3011828.60666 --> -3011827.50748 dZ: 1.856 logZ: -3011833.589 logLmax: -3011827.50
2025-07-12, 13:21:22 - cpnest.NestedSampling.NestedSampler   : 143: n:  20 NS_acc:0.979 S0_acc:0.468 sub_acc:0.350 H: 4.19 logL -3011828.52492 --> -3011828.13157 dZ: 1.783 logZ: -3011833.533 logLmax: -3011827.50
2025-07-12, 13:21:22 - cpnest.NestedSampling.NestedSampler   : 144: n:  20 NS_acc:0.980 S0_acc:0.467 sub_acc:0.350 H: 4.18 logL -3011828.40074 --> -3011828.12178 dZ: 1.709 logZ: -3011833.475 logLmax: -3011827.50
2025-07-12, 13:21:22 - cpnest.NestedSampling.NestedSampler   : 145: n:  20 NS_acc:0.980 S0_acc:0.466 sub_acc:0.250 H: 4.18 logL -3011828.38435 --> -3011827.50022 dZ: 1.640 logZ: -3011833.421 logLmax: -3011827.50
2025-07-12, 13:21:22 - cpnest.NestedSampling.NestedSampler   : 146: n:  20 NS_acc:0.980 S0_acc:0.464 sub_acc:0.200 H: 4.17 logL -3011828.38365 --> -3011827.96794 dZ: 1.575 logZ: -3011833.371 logLmax: -3011827.50
2025-07-12, 13:21:22 - cpnest.NestedSampling.NestedSampler   : 147: n:  40 NS_acc:0.974 S0_acc:0.461 sub_acc:0.350 H: 4.16 logL -3011828.37842 --> -3011828.20696 dZ: 1.514 logZ: -3011833.325 logLmax: -3011827.50
2025-07-12, 13:21:22 - cpnest.NestedSampling.NestedSampler   : 148: n:  20 NS_acc:0.974 S0_acc:0.461 sub_acc:0.500 H: 4.15 logL -3011828.25670 --> -3011827.72507 dZ: 1.452 logZ: -3011833.276 logLmax: -3011827.50
2025-07-12, 13:21:22 - cpnest.NestedSampling.NestedSampler   : 149: n:  20 NS_acc:0.974 S0_acc:0.461 sub_acc:0.400 H: 4.15 logL -3011828.20696 --> -3011827.49907 dZ: 1.393 logZ: -3011833.230 logLmax: -3011827.50
2025-07-12, 13:21:22 - cpnest.NestedSampling.NestedSampler   : 150: n:  20 NS_acc:0.974 S0_acc:0.460 sub_acc:0.350 H: 4.14 logL -3011828.17259 --> -3011827.49726 dZ: 1.336 logZ: -3011833.185 logLmax: -3011827.50
2025-07-12, 13:21:22 - cpnest.NestedSampling.NestedSampler   : 151: n:  20 NS_acc:0.974 S0_acc:0.460 sub_acc:0.400 H: 4.14 logL -3011828.13157 --> -3011827.50193 dZ: 1.282 logZ: -3011833.141 logLmax: -3011827.50
2025-07-12, 13:21:22 - cpnest.NestedSampling.NestedSampler   : 152: n:  20 NS_acc:0.974 S0_acc:0.459 sub_acc:0.150 H: 4.13 logL -3011828.12178 --> -3011827.80515 dZ: 1.230 logZ: -3011833.101 logLmax: -3011827.50
2025-07-12, 13:21:22 - cpnest.NestedSampling.NestedSampler   : 153: n:  20 NS_acc:0.975 S0_acc:0.459 sub_acc:0.450 H: 4.13 logL -3011828.12114 --> -3011827.54318 dZ: 1.182 logZ: -3011833.063 logLmax: -3011827.50
2025-07-12, 13:21:22 - cpnest.NestedSampling.NestedSampler   : 154: n:  20 NS_acc:0.975 S0_acc:0.458 sub_acc:0.350 H: 4.12 logL -3011828.11838 --> -3011827.51121 dZ: 1.136 logZ: -3011833.027 logLmax: -3011827.50
2025-07-12, 13:21:22 - cpnest.NestedSampling.NestedSampler   : 155: n:  20 NS_acc:0.975 S0_acc:0.457 sub_acc:0.600 H: 4.11 logL -3011828.05362 --> -3011827.70005 dZ: 1.091 logZ: -3011832.992 logLmax: -3011827.50
2025-07-12, 13:21:22 - cpnest.NestedSampling.NestedSampler   : 156: n:  20 NS_acc:0.975 S0_acc:0.457 sub_acc:0.400 H: 4.11 logL -3011828.03893 --> -3011827.56865 dZ: 1.049 logZ: -3011832.958 logLmax: -3011827.50
2025-07-12, 13:21:22 - cpnest.sampler.Sampler                : Sampler 3744430 -- ACL(phi_mrg_33)  = 5.417099388379064
2025-07-12, 13:21:22 - cpnest.NestedSampling.NestedSampler   : 157: n:  20 NS_acc:0.975 S0_acc:0.457 sub_acc:0.300 H: 4.10 logL -3011827.97494 --> -3011827.66688 dZ: 1.007 logZ: -3011832.924 logLmax: -3011827.50
2025-07-12, 13:21:22 - cpnest.NestedSampling.NestedSampler   : 158: n:  20 NS_acc:0.975 S0_acc:0.456 sub_acc:0.550 H: 4.10 logL -3011827.96794 --> -3011827.54749 dZ: 0.967 logZ: -3011832.892 logLmax: -3011827.50
2025-07-12, 13:21:22 - cpnest.NestedSampling.NestedSampler   : 159: n:  20 NS_acc:0.975 S0_acc:0.456 sub_acc:0.400 H: 4.09 logL -3011827.96066 --> -3011827.95039 dZ: 0.930 logZ: -3011832.862 logLmax: -3011827.50
2025-07-12, 13:21:22 - cpnest.NestedSampling.NestedSampler   : 160: n:  20 NS_acc:0.976 S0_acc:0.456 sub_acc:0.550 H: 4.09 logL -3011827.95039 --> -3011827.49888 dZ: 0.894 logZ: -3011832.833 logLmax: -3011827.50
2025-07-12, 13:21:22 - cpnest.NestedSampling.NestedSampler   : Rolling KS test: D=0.122, p-value=0.683
2025-07-12, 13:21:22 - cpnest.NestedSampling.NestedSampler   : 161: n:  20 NS_acc:0.976 S0_acc:0.456 sub_acc:0.400 H: 4.08 logL -3011827.93766 --> -3011827.87485 dZ: 0.860 logZ: -3011832.806 logLmax: -3011827.50
2025-07-12, 13:21:22 - cpnest.NestedSampling.NestedSampler   : 162: n:  20 NS_acc:0.976 S0_acc:0.456 sub_acc:0.500 H: 4.08 logL -3011827.93110 --> -3011827.57344 dZ: 0.827 logZ: -3011832.780 logLmax: -3011827.50
2025-07-12, 13:21:22 - cpnest.NestedSampling.NestedSampler   : 163: n:  20 NS_acc:0.976 S0_acc:0.455 sub_acc:0.300 H: 4.07 logL -3011827.87485 --> -3011827.52797 dZ: 0.795 logZ: -3011832.754 logLmax: -3011827.50
2025-07-12, 13:21:22 - cpnest.NestedSampling.NestedSampler   : 164: n:  20 NS_acc:0.976 S0_acc:0.455 sub_acc:0.450 H: 4.07 logL -3011827.87049 --> -3011827.53865 dZ: 0.765 logZ: -3011832.730 logLmax: -3011827.50
2025-07-12, 13:21:22 - cpnest.NestedSampling.NestedSampler   : 165: n:  20 NS_acc:0.976 S0_acc:0.455 sub_acc:0.250 H: 4.06 logL -3011827.80515 --> -3011827.70247 dZ: 0.735 logZ: -3011832.705 logLmax: -3011827.50
2025-07-12, 13:21:22 - cpnest.NestedSampling.NestedSampler   : 166: n:  20 NS_acc:0.976 S0_acc:0.454 sub_acc:0.450 H: 4.06 logL -3011827.78690 --> -3011827.69714 dZ: 0.707 logZ: -3011832.681 logLmax: -3011827.50
2025-07-12, 13:21:22 - cpnest.NestedSampling.NestedSampler   : 167: n:  20 NS_acc:0.977 S0_acc:0.453 sub_acc:0.250 H: 4.06 logL -3011827.72507 --> -3011827.64422 dZ: 0.679 logZ: -3011832.657 logLmax: -3011827.50
2025-07-12, 13:21:22 - cpnest.NestedSampling.NestedSampler   : 168: n:  20 NS_acc:0.977 S0_acc:0.451 sub_acc:0.200 H: 4.05 logL -3011827.70247 --> -3011827.49692 dZ: 0.653 logZ: -3011832.633 logLmax: -3011827.50
2025-07-12, 13:21:23 - cpnest.NestedSampling.NestedSampler   : 169: n:  20 NS_acc:0.977 S0_acc:0.450 sub_acc:0.450 H: 4.05 logL -3011827.70005 --> -3011827.60669 dZ: 0.628 logZ: -3011832.611 logLmax: -3011827.50
2025-07-12, 13:21:23 - cpnest.NestedSampling.NestedSampler   : 170: n:  20 NS_acc:0.977 S0_acc:0.449 sub_acc:0.300 H: 4.05 logL -3011827.69714 --> -3011827.49850 dZ: 0.604 logZ: -3011832.590 logLmax: -3011827.50
2025-07-12, 13:21:23 - cpnest.NestedSampling.NestedSampler   : 171: n:  20 NS_acc:0.977 S0_acc:0.448 sub_acc:0.200 H: 4.04 logL -3011827.69567 --> -3011827.62780 dZ: 0.581 logZ: -3011832.570 logLmax: -3011827.50
2025-07-12, 13:21:23 - cpnest.NestedSampling.NestedSampler   : 172: n:  20 NS_acc:0.977 S0_acc:0.448 sub_acc:0.300 H: 4.04 logL -3011827.66688 --> -3011827.49707 dZ: 0.559 logZ: -3011832.550 logLmax: -3011827.50
2025-07-12, 13:21:23 - cpnest.sampler.Sampler                : Sampler 3744430 -- ACL(phi_mrg_33)  = 10.660026670686173
2025-07-12, 13:21:23 - cpnest.NestedSampling.NestedSampler   : 173: n:  20 NS_acc:0.977 S0_acc:0.447 sub_acc:0.200 H: 4.04 logL -3011827.66250 --> -3011827.50004 dZ: 0.537 logZ: -3011832.532 logLmax: -3011827.50
2025-07-12, 13:21:23 - cpnest.NestedSampling.NestedSampler   : 174: n:  20 NS_acc:0.978 S0_acc:0.446 sub_acc:0.400 H: 4.03 logL -3011827.66169 --> -3011827.51381 dZ: 0.517 logZ: -3011832.514 logLmax: -3011827.50
2025-07-12, 13:21:23 - cpnest.NestedSampling.NestedSampler   : 175: n:  20 NS_acc:0.978 S0_acc:0.445 sub_acc:0.450 H: 4.03 logL -3011827.65603 --> -3011827.51560 dZ: 0.498 logZ: -3011832.497 logLmax: -3011827.50
2025-07-12, 13:21:23 - cpnest.NestedSampling.NestedSampler   : 176: n:  20 NS_acc:0.978 S0_acc:0.444 sub_acc:0.100 H: 4.03 logL -3011827.64422 --> -3011827.53255 dZ: 0.480 logZ: -3011832.480 logLmax: -3011827.50
2025-07-12, 13:21:23 - cpnest.NestedSampling.NestedSampler   : 177: n:  20 NS_acc:0.978 S0_acc:0.444 sub_acc:0.450 H: 4.03 logL -3011827.62821 --> -3011827.52331 dZ: 0.462 logZ: -3011832.464 logLmax: -3011827.50
2025-07-12, 13:21:23 - cpnest.NestedSampling.NestedSampler   : 178: n:  20 NS_acc:0.978 S0_acc:0.443 sub_acc:0.300 H: 4.02 logL -3011827.62780 --> -3011827.59213 dZ: 0.445 logZ: -3011832.449 logLmax: -3011827.50
2025-07-12, 13:21:23 - cpnest.NestedSampling.NestedSampler   : 179: n:  20 NS_acc:0.978 S0_acc:0.442 sub_acc:0.300 H: 4.02 logL -3011827.60669 --> -3011827.49933 dZ: 0.429 logZ: -3011832.434 logLmax: -3011827.50
2025-07-12, 13:21:23 - cpnest.NestedSampling.NestedSampler   : 180: n:  20 NS_acc:0.978 S0_acc:0.442 sub_acc:0.250 H: 4.02 logL -3011827.59213 --> -3011827.50304 dZ: 0.413 logZ: -3011832.420 logLmax: -3011827.50
2025-07-12, 13:21:23 - cpnest.NestedSampling.NestedSampler   : 181: n:  20 NS_acc:0.978 S0_acc:0.441 sub_acc:0.350 H: 4.02 logL -3011827.57344 --> -3011827.51377 dZ: 0.398 logZ: -3011832.406 logLmax: -3011827.50
2025-07-12, 13:21:23 - cpnest.NestedSampling.NestedSampler   : 182: n:  20 NS_acc:0.978 S0_acc:0.440 sub_acc:0.150 H: 4.01 logL -3011827.56865 --> -3011827.53280 dZ: 0.383 logZ: -3011832.392 logLmax: -3011827.50
2025-07-12, 13:21:23 - cpnest.NestedSampling.NestedSampler   : 183: n:  20 NS_acc:0.979 S0_acc:0.439 sub_acc:0.250 H: 4.01 logL -3011827.55151 --> -3011827.50679 dZ: 0.370 logZ: -3011832.379 logLmax: -3011827.50
2025-07-12, 13:21:23 - cpnest.NestedSampling.NestedSampler   : 184: n:  20 NS_acc:0.979 S0_acc:0.439 sub_acc:0.400 H: 4.01 logL -3011827.54749 --> -3011827.49816 dZ: 0.356 logZ: -3011832.367 logLmax: -3011827.50
2025-07-12, 13:21:23 - cpnest.NestedSampling.NestedSampler   : 185: n:  20 NS_acc:0.979 S0_acc:0.438 sub_acc:0.400 H: 4.00 logL -3011827.54318 --> -3011827.53645 dZ: 0.343 logZ: -3011832.355 logLmax: -3011827.50
2025-07-12, 13:21:23 - cpnest.NestedSampling.NestedSampler   : 186: n:  20 NS_acc:0.979 S0_acc:0.438 sub_acc:0.350 H: 4.00 logL -3011827.53929 --> -3011827.49970 dZ: 0.331 logZ: -3011832.343 logLmax: -3011827.50
2025-07-12, 13:21:23 - cpnest.NestedSampling.NestedSampler   : 187: n:  20 NS_acc:0.979 S0_acc:0.437 sub_acc:0.100 H: 4.00 logL -3011827.53865 --> -3011827.53834 dZ: 0.319 logZ: -3011832.332 logLmax: -3011827.50
2025-07-12, 13:21:23 - cpnest.NestedSampling.NestedSampler   : 188: n:  20 NS_acc:0.979 S0_acc:0.436 sub_acc:0.150 H: 4.00 logL -3011827.53834 --> -3011827.49859 dZ: 0.308 logZ: -3011832.321 logLmax: -3011827.50
2025-07-12, 13:21:23 - cpnest.sampler.Sampler                : Sampler 3744430 -- ACL(phi_mrg_33)  = 8.352177075926871
2025-07-12, 13:21:23 - cpnest.NestedSampling.NestedSampler   : 189: n:  20 NS_acc:0.979 S0_acc:0.435 sub_acc:0.400 H: 4.00 logL -3011827.53645 --> -3011827.50794 dZ: 0.297 logZ: -3011832.311 logLmax: -3011827.50
2025-07-12, 13:21:23 - cpnest.NestedSampling.NestedSampler   : 190: n:  21 NS_acc:0.979 S0_acc:0.434 sub_acc:0.048 H: 3.99 logL -3011827.53305 --> -3011827.50248 dZ: 0.287 logZ: -3011832.301 logLmax: -3011827.50
2025-07-12, 13:21:23 - cpnest.NestedSampling.NestedSampler   : 191: n:  20 NS_acc:0.979 S0_acc:0.434 sub_acc:0.200 H: 3.99 logL -3011827.53280 --> -3011827.49858 dZ: 0.277 logZ: -3011832.291 logLmax: -3011827.50
2025-07-12, 13:21:23 - cpnest.NestedSampling.NestedSampler   : 192: n:  20 NS_acc:0.980 S0_acc:0.433 sub_acc:0.100 H: 3.99 logL -3011827.53255 --> -3011827.49714 dZ: 0.267 logZ: -3011832.282 logLmax: -3011827.50
2025-07-12, 13:21:23 - cpnest.NestedSampling.NestedSampler   : Rolling KS test: D=0.0917, p-value=0.928
2025-07-12, 13:21:23 - cpnest.NestedSampling.NestedSampler   : 193: n:  20 NS_acc:0.980 S0_acc:0.432 sub_acc:0.250 H: 3.99 logL -3011827.53048 --> -3011827.52063 dZ: 0.258 logZ: -3011832.273 logLmax: -3011827.50
2025-07-12, 13:21:23 - cpnest.NestedSampling.NestedSampler   : 194: n:  20 NS_acc:0.980 S0_acc:0.431 sub_acc:0.250 H: 3.99 logL -3011827.52797 --> -3011827.51381 dZ: 0.249 logZ: -3011832.265 logLmax: -3011827.50
2025-07-12, 13:21:23 - cpnest.NestedSampling.NestedSampler   : 195: n:  20 NS_acc:0.980 S0_acc:0.430 sub_acc:0.100 H: 3.98 logL -3011827.52331 --> -3011827.51070 dZ: 0.240 logZ: -3011832.257 logLmax: -3011827.50
2025-07-12, 13:21:23 - cpnest.NestedSampling.NestedSampler   : 196: n:  20 NS_acc:0.980 S0_acc:0.429 sub_acc:0.300 H: 3.98 logL -3011827.52063 --> -3011827.49820 dZ: 0.232 logZ: -3011832.249 logLmax: -3011827.50
2025-07-12, 13:21:23 - cpnest.NestedSampling.NestedSampler   : 197: n:  20 NS_acc:0.980 S0_acc:0.428 sub_acc:0.200 H: 3.98 logL -3011827.51724 --> -3011827.50722 dZ: 0.224 logZ: -3011832.241 logLmax: -3011827.50
2025-07-12, 13:21:23 - cpnest.NestedSampling.NestedSampler   : 198: n:  20 NS_acc:0.980 S0_acc:0.428 sub_acc:0.150 H: 3.98 logL -3011827.51560 --> -3011827.51111 dZ: 0.217 logZ: -3011832.234 logLmax: -3011827.50
2025-07-12, 13:21:23 - cpnest.NestedSampling.NestedSampler   : 199: n:  20 NS_acc:0.980 S0_acc:0.426 sub_acc:0.300 H: 3.98 logL -3011827.51381 --> -3011827.49723 dZ: 0.209 logZ: -3011832.227 logLmax: -3011827.50
2025-07-12, 13:21:23 - cpnest.NestedSampling.NestedSampler   : 200: n:  20 NS_acc:0.980 S0_acc:0.426 sub_acc:0.200 H: 3.97 logL -3011827.51381 --> -3011827.49976 dZ: 0.202 logZ: -3011832.220 logLmax: -3011827.50
2025-07-12, 13:21:23 - cpnest.NestedSampling.NestedSampler   : 201: n:  29 NS_acc:0.980 S0_acc:0.423 sub_acc:0.034 H: 3.97 logL -3011827.51377 --> -3011827.50992 dZ: 0.195 logZ: -3011832.213 logLmax: -3011827.50
2025-07-12, 13:21:23 - cpnest.NestedSampling.NestedSampler   : 202: n:  20 NS_acc:0.981 S0_acc:0.422 sub_acc:0.250 H: 3.97 logL -3011827.51187 --> -3011827.50073 dZ: 0.189 logZ: -3011832.207 logLmax: -3011827.50
2025-07-12, 13:21:23 - cpnest.NestedSampling.NestedSampler   : 203: n:  20 NS_acc:0.981 S0_acc:0.422 sub_acc:0.350 H: 3.97 logL -3011827.51121 --> -3011827.49685 dZ: 0.183 logZ: -3011832.201 logLmax: -3011827.50
2025-07-12, 13:21:23 - cpnest.NestedSampling.NestedSampler   : 204: n:  20 NS_acc:0.981 S0_acc:0.420 sub_acc:0.100 H: 3.97 logL -3011827.51111 --> -3011827.50150 dZ: 0.176 logZ: -3011832.195 logLmax: -3011827.50
2025-07-12, 13:21:23 - cpnest.sampler.Sampler                : Sampler 3744430 -- ACL(phi_mrg_33)  = 21.503380553455997
2025-07-12, 13:21:23 - cpnest.NestedSampling.NestedSampler   : 205: n:  21 NS_acc:0.981 S0_acc:0.419 sub_acc:0.286 H: 3.96 logL -3011827.51070 --> -3011827.50080 dZ: 0.171 logZ: -3011832.190 logLmax: -3011827.50
2025-07-12, 13:21:23 - cpnest.NestedSampling.NestedSampler   : 206: n:  21 NS_acc:0.981 S0_acc:0.418 sub_acc:0.286 H: 3.96 logL -3011827.50992 --> -3011827.49752 dZ: 0.165 logZ: -3011832.184 logLmax: -3011827.50
2025-07-12, 13:21:23 - cpnest.NestedSampling.NestedSampler   : 207: n:  21 NS_acc:0.981 S0_acc:0.417 sub_acc:0.238 H: 3.96 logL -3011827.50794 --> -3011827.50233 dZ: 0.159 logZ: -3011832.179 logLmax: -3011827.50
2025-07-12, 13:21:23 - cpnest.NestedSampling.NestedSampler   : 208: n:  21 NS_acc:0.981 S0_acc:0.416 sub_acc:0.190 H: 3.96 logL -3011827.50748 --> -3011827.50107 dZ: 0.154 logZ: -3011832.174 logLmax: -3011827.50
2025-07-12, 13:21:23 - cpnest.NestedSampling.NestedSampler   : 209: n:  21 NS_acc:0.981 S0_acc:0.415 sub_acc:0.048 H: 3.96 logL -3011827.50722 --> -3011827.50079 dZ: 0.149 logZ: -3011832.169 logLmax: -3011827.50
2025-07-12, 13:21:23 - cpnest.NestedSampling.NestedSampler   : 210: n:  42 NS_acc:0.977 S0_acc:0.412 sub_acc:0.190 H: 3.96 logL -3011827.50679 --> -3011827.49687 dZ: 0.144 logZ: -3011832.164 logLmax: -3011827.50
2025-07-12, 13:21:23 - cpnest.NestedSampling.NestedSampler   : 211: n:  21 NS_acc:0.977 S0_acc:0.412 sub_acc:0.286 H: 3.96 logL -3011827.50304 --> -3011827.50055 dZ: 0.139 logZ: -3011832.160 logLmax: -3011827.50
2025-07-12, 13:21:23 - cpnest.NestedSampling.NestedSampler   : 212: n:  21 NS_acc:0.977 S0_acc:0.411 sub_acc:0.143 H: 3.96 logL -3011827.50248 --> -3011827.49717 dZ: 0.135 logZ: -3011832.155 logLmax: -3011827.50
2025-07-12, 13:21:23 - cpnest.NestedSampling.NestedSampler   : 213: n:  63 NS_acc:0.968 S0_acc:0.405 sub_acc:0.190 H: 3.95 logL -3011827.50233 --> -3011827.49792 dZ: 0.130 logZ: -3011832.151 logLmax: -3011827.50
2025-07-12, 13:21:23 - cpnest.NestedSampling.NestedSampler   : 214: n:  21 NS_acc:0.968 S0_acc:0.405 sub_acc:0.095 H: 3.95 logL -3011827.50193 --> -3011827.50116 dZ: 0.126 logZ: -3011832.147 logLmax: -3011827.50
2025-07-12, 13:21:23 - cpnest.NestedSampling.NestedSampler   : 215: n:  21 NS_acc:0.968 S0_acc:0.404 sub_acc:0.238 H: 3.95 logL -3011827.50150 --> -3011827.49981 dZ: 0.122 logZ: -3011832.143 logLmax: -3011827.50
2025-07-12, 13:21:23 - cpnest.NestedSampling.NestedSampler   : 216: n:  21 NS_acc:0.969 S0_acc:0.403 sub_acc:0.286 H: 3.95 logL -3011827.50116 --> -3011827.49701 dZ: 0.118 logZ: -3011832.139 logLmax: -3011827.50
2025-07-12, 13:21:23 - cpnest.NestedSampling.NestedSampler   : 217: n:  21 NS_acc:0.969 S0_acc:0.402 sub_acc:0.238 H: 3.95 logL -3011827.50110 --> -3011827.49722 dZ: 0.114 logZ: -3011832.135 logLmax: -3011827.50
2025-07-12, 13:21:23 - cpnest.sampler.Sampler                : Sampler 3744430 -- ACL(phi_mrg_33)  = 27.44509270335364
2025-07-12, 13:21:23 - cpnest.NestedSampling.NestedSampler   : 218: n:  27 NS_acc:0.969 S0_acc:0.401 sub_acc:0.148 H: 3.95 logL -3011827.50107 --> -3011827.49945 dZ: 0.111 logZ: -3011832.132 logLmax: -3011827.50
2025-07-12, 13:21:23 - cpnest.NestedSampling.NestedSampler   : 219: n:  27 NS_acc:0.969 S0_acc:0.400 sub_acc:0.148 H: 3.95 logL -3011827.50080 --> -3011827.49687 dZ: 0.107 logZ: -3011832.128 logLmax: -3011827.50
2025-07-12, 13:21:23 - cpnest.NestedSampling.NestedSampler   : 220: n:  27 NS_acc:0.969 S0_acc:0.399 sub_acc:0.333 H: 3.95 logL -3011827.50079 --> -3011827.49952 dZ: 0.104 logZ: -3011832.125 logLmax: -3011827.50
2025-07-12, 13:21:23 - cpnest.NestedSampling.NestedSampler   : 221: n:  27 NS_acc:0.969 S0_acc:0.398 sub_acc:0.333 H: 3.95 logL -3011827.50073 --> -3011827.49720 dZ: 0.100 logZ: -3011832.122 logLmax: -3011827.50
2025-07-12, 13:21:23 - cpnest.NestedSampling.NestedSampler   : 222: n:  27 NS_acc:0.969 S0_acc:0.398 sub_acc:0.333 H: 3.95 logL -3011827.50055 --> -3011827.49813 dZ: 0.097 logZ: -3011832.118 logLmax: -3011827.50
2025-07-12, 13:21:23 - cpnest.sampler.Sampler                : Sampler process 3744430: MCMC samples accumulated = 11923
2025-07-12, 13:21:24 - cpnest.NestedSampling.NestedSampler   : Final evidence: -3011832.04
2025-07-12, 13:21:24 - cpnest.NestedSampling.NestedSampler   : Information: 3.91
2025-07-12, 13:21:24 - cpnest.NestedSampling._NSintegralState: Saved nested sampling plot as SXS_0305_TEOBPM_33_0M_const_error/Algorithm/logXlogL.png
2025-07-12, 13:21:25 - cpnest.sampler.Sampler                : Sampler process 3744430: saved 11923 mcmc samples in mcmc_chain_3744430.dat
2025-07-12, 13:21:25 - cpnest.sampler.Sampler                : Sampler process 3744430 - mean acceptance 0.398: exiting
2025-07-12, 13:21:25 - cpnest.NestedSampling.NestedSampler   : Final KS test: D=0.0575, p-value=0.438
2025-07-12, 13:21:25 - cpnest.cpnest.CPNest                  : Saving nested samples in SXS_0305_TEOBPM_33_0M_const_error/Algorithm/
2025-07-12, 13:21:25 - cpnest.cpnest.CPNest                  : Saving posterior samples in SXS_0305_TEOBPM_33_0M_const_error/Algorithm/
2025-07-12, 13:21:25 - cpnest.nest2pos                       : Computed log_evidences: (-3011832.1120037506,)
2025-07-12, 13:21:25 - cpnest.nest2pos                       : Relative weights of input files: [1.0]
2025-07-12, 13:21:25 - cpnest.nest2pos                       : Relative weights of input files taking into account their length: [1.0]
2025-07-12, 13:21:25 - cpnest.nest2pos                       : Number of input samples: [254]
2025-07-12, 13:21:25 - cpnest.nest2pos                       : Expected number of samples from each input file [68]
2025-07-12, 13:21:25 - cpnest.nest2pos                       : Samples produced: 68
2025-07-12, 13:21:25 - cpnest.nest2pos                       : Number of input samples: 11923
2025-07-12, 13:21:25 - cpnest.nest2pos                       : Measured autocorrelation length 7
2025-07-12, 13:21:25 - cpnest.nest2pos                       : Returned number of samples 975
2025-07-12, 13:21:25 - cpnest.cpnest.CPNest                  : ERROR, no prior samples found!
2025-07-12, 13:21:25 - cpnest.cpnest.CPNest                  : ERROR, no MCMC samples found!
